// Jest Snapshot v1, https://goo.gl/fbAQLP

exports[`NewsFeed NewsFeed page with content 1`] = `
<table
  bordered={true}
  striped={true}
>
  <thead
    className="table-heading"
  >
    <tr>
      <th
        className=" comments"
        style={
          Object {
            "textTransform": "capitalize",
          }
        }
      >
        Comments
      </th>
      <th
        className=" votes"
        style={
          Object {
            "textTransform": "capitalize",
          }
        }
      >
        Vote Count
      </th>
      <th
        className=" upvote"
        style={
          Object {
            "textTransform": "capitalize",
          }
        }
      >
        Upvote
      </th>
      <th
        className=" details"
        style={
          Object {
            "textTransform": "capitalize",
          }
        }
      >
        News Details
      </th>
    </tr>
  </thead>
  <tbody />
</table>
`;

exports[`NewsFeed NewsFeed page with empty content 1`] = `
<table
  bordered={true}
  striped={true}
>
  <thead
    className="table-heading"
  >
    <tr>
      <th
        className=" comments"
        style={
          Object {
            "textTransform": "capitalize",
          }
        }
      >
        Comments
      </th>
      <th
        className=" votes"
        style={
          Object {
            "textTransform": "capitalize",
          }
        }
      >
        Vote Count
      </th>
      <th
        className=" upvote"
        style={
          Object {
            "textTransform": "capitalize",
          }
        }
      >
        Upvote
      </th>
      <th
        className=" details"
        style={
          Object {
            "textTransform": "capitalize",
          }
        }
      >
        News Details
      </th>
    </tr>
  </thead>
  <tbody />
</table>
`;
